current directory: /home/runner/work/pingcrm-vite/pingcrm-vite/vendor/bundle/ruby/3.2.0/gems/msgpack-1.5.1/ext/msgpack
/usr/bin/ruby3.2 -I/usr/lib/ruby/vendor_ruby extconf.rb
checking for ruby/st.h... yes
checking for st.h... no
checking for rb_enc_interned_str() in ruby.h... yes
creating Makefile

current directory: /home/runner/work/pingcrm-vite/pingcrm-vite/vendor/bundle/ruby/3.2.0/gems/msgpack-1.5.1/ext/msgpack
make DESTDIR\= sitearchdir\=./.gem.20260403-14670-u0escj sitelibdir\=./.gem.20260403-14670-u0escj clean

current directory: /home/runner/work/pingcrm-vite/pingcrm-vite/vendor/bundle/ruby/3.2.0/gems/msgpack-1.5.1/ext/msgpack
make DESTDIR\= sitearchdir\=./.gem.20260403-14670-u0escj sitelibdir\=./.gem.20260403-14670-u0escj
compiling buffer.c
compiling buffer_class.c
compiling extension_value_class.c
compiling factory_class.c
compiling packer.c
compiling packer_class.c
compiling packer_ext_registry.c
compiling rbinit.c
compiling rmem.c
compiling unpacker.c
compiling unpacker_class.c
compiling unpacker_ext_registry.c
linking shared-object msgpack/msgpack.so

current directory: /home/runner/work/pingcrm-vite/pingcrm-vite/vendor/bundle/ruby/3.2.0/gems/msgpack-1.5.1/ext/msgpack
make DESTDIR\= sitearchdir\=./.gem.20260403-14670-u0escj sitelibdir\=./.gem.20260403-14670-u0escj install
/usr/bin/install -c -m 0755 msgpack.so ./.gem.20260403-14670-u0escj/msgpack

current directory: /home/runner/work/pingcrm-vite/pingcrm-vite/vendor/bundle/ruby/3.2.0/gems/msgpack-1.5.1/ext/msgpack
make DESTDIR\= sitearchdir\=./.gem.20260403-14670-u0escj sitelibdir\=./.gem.20260403-14670-u0escj clean
