current directory: /home/runner/work/pingcrm-vite/pingcrm-vite/vendor/bundle/ruby/3.2.0/gems/oj-3.13.11/ext/oj
/usr/bin/ruby3.2 -I/usr/lib/ruby/vendor_ruby extconf.rb
>>>>> Creating Makefile for ruby version 3.2.3 on x86_64-linux-gnu <<<<<
checking for rb_time_timespec()... yes
checking for rb_ivar_count()... yes
checking for rb_ivar_foreach()... yes
checking for rb_gc_mark_movable()... yes
checking for stpcpy()... yes
checking for pthread_mutex_init()... yes
checking for rb_enc_associate()... yes
checking for rb_enc_interned_str()... yes
checking for rb_ext_ractor_safe() in ruby.h... yes
checking for rb_hash_bulk_insert() in ruby.h... yes
creating Makefile

current directory: /home/runner/work/pingcrm-vite/pingcrm-vite/vendor/bundle/ruby/3.2.0/gems/oj-3.13.11/ext/oj
make DESTDIR\= sitearchdir\=./.gem.20260403-14670-s4polj sitelibdir\=./.gem.20260403-14670-s4polj clean

current directory: /home/runner/work/pingcrm-vite/pingcrm-vite/vendor/bundle/ruby/3.2.0/gems/oj-3.13.11/ext/oj
make DESTDIR\= sitearchdir\=./.gem.20260403-14670-s4polj sitelibdir\=./.gem.20260403-14670-s4polj
compiling cache.c
compiling cache8.c
compiling circarray.c
compiling code.c
compiling compat.c
compiling custom.c
compiling debug.c
compiling dump.c
dump.c: In function ‘oj_write_obj_to_file’:
dump.c:632:19: warning: pointer ‘f’ may be used after ‘fclose’ [-Wuse-after-free]
  632 |         int err = ferror(f);
      |                   ^~~~~~~~~
dump.c:630:5: note: call to ‘fclose’ here
  630 |     fclose(f);
      |     ^~~~~~~~~
compiling dump_compat.c
compiling dump_leaf.c
compiling dump_object.c
compiling dump_strict.c
compiling encoder.c
compiling err.c
compiling fast.c
compiling intern.c
compiling mimic_json.c
compiling object.c
compiling odd.c
compiling oj.c
compiling parse.c
compiling parser.c
compiling rails.c
compiling reader.c
compiling resolve.c
compiling rxclass.c
compiling saj.c
compiling saj2.c
compiling scp.c
compiling sparse.c
compiling stream_writer.c
compiling strict.c
compiling string_writer.c
compiling trace.c
compiling usual.c
compiling util.c
compiling val_stack.c
compiling validate.c
compiling wab.c
linking shared-object oj/oj.so

current directory: /home/runner/work/pingcrm-vite/pingcrm-vite/vendor/bundle/ruby/3.2.0/gems/oj-3.13.11/ext/oj
make DESTDIR\= sitearchdir\=./.gem.20260403-14670-s4polj sitelibdir\=./.gem.20260403-14670-s4polj install
/usr/bin/install -c -m 0755 oj.so ./.gem.20260403-14670-s4polj/oj

current directory: /home/runner/work/pingcrm-vite/pingcrm-vite/vendor/bundle/ruby/3.2.0/gems/oj-3.13.11/ext/oj
make DESTDIR\= sitearchdir\=./.gem.20260403-14670-s4polj sitelibdir\=./.gem.20260403-14670-s4polj clean
